// Jest Snapshot v1, https://goo.gl/fbAQLP

exports[`Bar renders correctly 1`] = `
<ProgressBar
  animated={false}
  isChild={false}
  max={100}
  min={0}
  srOnly={false}
  striped={false}
  style={
    Object {
      "backgroundColor": "#191414",
      "height": "40px",
    }
  }
>
  <ProgressBar
    animated={false}
    isChild={false}
    key="b"
    label="b"
    max={100}
    min={0}
    now={50}
    srOnly={false}
    striped={false}
    style={
      Object {
        "backgroundColor": "rgba(29, 185, 84, 1)",
        "color": "white",
      }
    }
  />
  <ProgressBar
    animated={false}
    isChild={false}
    key="a"
    label="a"
    max={100}
    min={0}
    now={50}
    srOnly={false}
    striped={false}
    style={
      Object {
        "backgroundColor": "rgba(29, 185, 84, 0.5)",
        "color": "white",
      }
    }
  />
</ProgressBar>
`;
