// Jest Snapshot v1, https://goo.gl/fbAQLP

exports[`Controls renders correctly 1`] = `""`;
