// Jest Snapshot v1, https://goo.gl/fbAQLP

exports[`Splash renders correctly 1`] = `
<div
  className="splash"
>
  <div
    className="splash-header"
  >
    <p
      className="text-xl splash-title"
    >
      Spotify Data Visualizer
    </p>
    <p
      className="text-m splash-desc"
    >
      Create a custom chart displaying your Spotify data, including top artists, tracks, genres, and stats.
    </p>
  </div>
  <div
    className="splash-example"
    style={
      Object {
        "backgroundImage": "linear-gradient(to bottom, rgba(25, 20, 20, 0.8), rgba(25, 20, 20, 1)), 
          url(images/example-chart.png",
      }
    }
  />
</div>
`;
