// Jest Snapshot v1, https://goo.gl/fbAQLP

exports[`SpotifyTopMusic renders correctly 1`] = `
<div
  style={
    Object {
      "padding": "2em 0 0 0",
    }
  }
>
  <div>
    <p
      className="text-xl"
      style={
        Object {
          "marginBottom": "0uu",
        }
      }
    >
      All-time
    </p>
  </div>
  <Container
    fluid={false}
  >
    <SpinnerBlock />
    <SpinnerBlock />
    <SpinnerBlock />
    <SpinnerBlock />
  </Container>
</div>
`;
